// swiftlint:disable all
// Generated using SwiftGen â€” https://github.com/SwiftGen/SwiftGen

import Foundation

// swiftlint:disable superfluous_disable_command
// swiftlint:disable file_length

// swiftlint:disable identifier_name line_length number_separator type_body_length
internal enum AnalyticsEvents {

    /// - Parameters:
    ///     - payment_method: Method of payment
    ///     - payment_status: Status of the payment
    internal static func paymentProcess(
      paymentMethod: String,
      paymentStatus: String
    ) -> AnalyticsEvent {
      AnalyticsEvent(
        name: "Payment Process",
        parameters: [ 
          "payment_method": paymentMethod,
          "payment_status": paymentStatus
        ]
      )
    }
}
// swiftlint:enable identifier_name line_length number_separator type_body_length

private extension Dictionary where Value == Any? {
    /// Returns dictionary with filtered out `nil` and `NSNull` values
    func byExcludingNilValues() -> [Key: Any] {
        return compactMapValues { value -> Any? in
            value is NSNull ? nil : value
        }
    }
} 
