// swiftlint:disable all
// Generated using EventPanel â€” https://github.com/eventpanel/eventpanel-cli

import Foundation

internal enum AnalyticsEvents {
  internal enum Payment {

    /// User processed a payment
    /// - Parameters:
    ///     - payment_method: Method of payment
    ///     - payment_status: Status of the payment
    internal static func paymentProcess(  
      paymentMethod: String,
      paymentStatus: String
    ) -> AnalyticsEvent {
      AnalyticsEvent(
        name: "Payment Process",
        parameters: [
          "payment_method": paymentMethod,
          "payment_status": paymentStatus
        ]
      )
    }
  }
}

extension AnalyticsEvents {
    internal enum PaymentMethod: String {
      case creditCard = "credit_card"
      case paypal = "paypal"
      case applePay = "apple_pay"
      case googlePay = "google_pay"
    }
    internal enum PaymentStatus: String {
      case pending = "pending"
      case completed = "completed"
      case failed = "failed"
      case refunded = "refunded"
    }
}

private extension Dictionary where Value == Any? {
  /// Returns dictionary with filtered out `nil` and `NSNull` values
  func byExcludingNilValues() -> [Key: Any] {
    return compactMapValues { value -> Any? in
      value is NSNull ? nil : value
    }
  }
}

internal struct AnalyticsEvent {
  internal let name: String
  internal let parameters: [String: Any]

  internal init(name: String, parameters: [String: Any] = [:]) {
    self.name = name
    self.parameters = parameters
  }
}
// swiftlint:enable all