// swiftlint:disable all
// Generated using EventPanel â€” https://github.com/eventpanel/eventpanel-cli

import Foundation

internal enum AnalyticsEvents {
  internal static func paymentProcess() -> AnalyticsEvent {
    AnalyticsEvent(
      name: "Payment Process",
      parameters: [:]
    )
  }
}

private extension Dictionary where Value == Any? {
  /// Returns dictionary with filtered out `nil` and `NSNull` values
  func byExcludingNilValues() -> [Key: Any] {
    return compactMapValues { value -> Any? in
      value is NSNull ? nil : value
    }
  }
}

internal struct AnalyticsEvent {
  internal let name: String
  internal let parameters: [String: Any]

  internal init(name: String, parameters: [String: Any] = [:]) {
    self.name = name
    self.parameters = parameters
  }
}
// swiftlint:enable all