// swiftlint:disable all
// Generated using SwiftGen â€” https://github.com/SwiftGen/SwiftGen

import Foundation

// swiftlint:disable superfluous_disable_command
// swiftlint:disable file_length

// swiftlint:disable identifier_name line_length number_separator type_body_length
internal enum AnalyticsEvents {
  internal enum ECommerce {
    /// User viewed a product
    /// - Parameters:
    ///     - product_id: Unique identifier of the product
    ///     - product_price: Price of the product
    ///     - discount_percentage: Discount percentage if on sale
    internal static func productView(
      productId: String,
      productPrice: Float,
      discountPercentage: Float?
    ) -> AnalyticsEvent {
      AnalyticsEvent(
        name: "Product View",
        parameters: [ 
          "product_id": productId,
          "product_price": productPrice,
          "currency": "USD",
          "is_on_sale": "false",
          "discount_percentage": discountPercentage
        ].byExcludingNilValues()
      )
    }
  }

}
// swiftlint:enable identifier_name line_length number_separator type_body_length

private extension Dictionary where Value == Any? {
    /// Returns dictionary with filtered out `nil` and `NSNull` values
    func byExcludingNilValues() -> [Key: Any] {
        return compactMapValues { value -> Any? in
            value is NSNull ? nil : value
        }
    }
} 
