// swiftlint:disable all
// Generated using EventPanel â€” https://github.com/eventpanel/eventpanel-cli

import Foundation

internal enum AnalyticsEvents {
  /// Screen represents a lot of products
  internal enum ECommerce {

    /// User viewed a product
    /// - Parameters:
    ///     - product_id: Unique identifier of the product
    internal static func productView(  
      productId: String
    ) -> AnalyticsEvent {
      AnalyticsEvent(
        name: "Product View",
        parameters: [
          "product_id": productId
        ]
      )
    }
  }
}

private extension Dictionary where Value == Any? {
    /// Returns dictionary with filtered out `nil` and `NSNull` values
    func byExcludingNilValues() -> [Key: Any] {
        return compactMapValues { value -> Any? in
            value is NSNull ? nil : value
        }
    }
} 
// swiftlint:enable all