// Generated using EventPanel â€” https://github.com/eventpanel/eventpanel-cli


namespace AnalyticsEvents {

  /**
   * User logged in
   * @param user_id User identifier
   */
  function userLogin(  
    userId: String
  ): AnalyticsEvent {
    return {
      name: "user_login",
      parameters: {
        "user_id": userId
      }
    }
  }
  /**
   * User logged out
   */
  function userLogout(): AnalyticsEvent {
    return {
      name: "user_logout",
      parameters: {}
    }
  }
}

interface AnalyticsEvent {
  name: string;
  parameters: Record<string, any>;
}
