// Generated using EventPanel â€” https://github.com/eventpanel/eventpanel-cli


namespace AnalyticsEvents {

  function userAction(  
    action: String
  ): AnalyticsEvent {
    return {
      name: "user_action",
      parameters: {
        "action": action
      }
    }
  }
}

interface AnalyticsEvent {
  name: string;
  parameters: Record<string, any>;
}
