// Generated using EventPanel â€” https://github.com/eventpanel/eventpanel-cli


namespace AnalyticsEvents {
  /**
   * Authentication related events
   */
  namespace Authentication {
  }

  /**
   * An event without category
   * @param value Some value
   */
  function uncategorisedEvent(  
    value: String
  ): AnalyticsEvent {
    return {
      name: "uncategorised_event",
      parameters: {
        "value": value
      }
    }
  }
}

interface AnalyticsEvent {
  name: string;
  parameters: Record<string, any>;
}
