// Generated using EventPanel â€” https://github.com/eventpanel/eventpanel-cli

package com.eventpanel.analytics

internal object GeneratedAnalyticsEvents {

  internal fun paymentProcess(): AnalyticsEvent {
    return AnalyticsEvent(
      name = "Payment Process",
      parameters = emptyMap()
    )
  }
}

private fun Map<String, Any?>.withoutNulls(): Map<String, Any> =
    this.filterValues { it != null }.mapValues { it.value!! }