// Generated using EventPanel â€” https://github.com/eventpanel/eventpanel-cli

package com.analytics.events

internal object GeneratedAnalyticsEvents {

  /**
   * User processed a payment
   * @param payment_method Method of payment
   * @param payment_status Status of the payment
   */
  internal fun paymentProcess(  
    paymentMethod: String,
    paymentStatus: String
  ): AnalyticsEvent {
    return AnalyticsEvent(
      name = "Payment Process",
      parameters = mapOf(
        "payment_method" to paymentMethod,
        "payment_status" to paymentStatus
      )
    )
  }
}

private fun Map<String, Any?>.withoutNulls(): Map<String, Any> =
    this.filterValues { it != null }.mapValues { it.value!! }