// Generated using EventPanel â€” https://github.com/eventpanel/eventpanel-cli

package com.analytics.events

internal object GeneratedAnalyticsEvents {

  internal fun paymentProcess(  
    paymentMethod: String
  ): AnalyticsEvent {
    return AnalyticsEvent(
      name = "Payment Process",
      parameters = mapOf(
        "payment_method" to paymentMethod
      )
    )
  }
}

internal data class AnalyticsEvent(
  internal val name: String,
  internal val parameters: Map<String, Any> = emptyMap()
)

private fun Map<String, Any?>.withoutNulls(): Map<String, Any> =
    this.filterValues { it != null }.mapValues { it.value!! }