// Generated using EventPanel â€” https://github.com/eventpanel/eventpanel-cli

package com.analytics.events

internal object GeneratedAnalyticsEvents {
  internal object User {

    /**
     * User logged in to the app
     * @param login_method Login method used
     * @param is_successful Whether login was successful
     */
    internal fun userLogin(  
      loginMethod: Method,
      isSuccessful: Boolean
    ): AnalyticsEvent {
      return AnalyticsEvent(
        name = "User Login",
        parameters = mapOf(
          "login_method" to loginMethod,
          "is_successful" to isSuccessful
        )
      )
    }
  }

}

// Custom types for 
internal enum class Method(val value: String) {
  Email("email"),
  Google("google"),
  Apple("apple")
}

internal data class AnalyticsEvent(
  internal val name: String,
  internal val parameters: Map<String, Any> = emptyMap()
)

private fun Map<String, Any?>.withoutNulls(): Map<String, Any> =
    this.filterValues { it != null }.mapValues { it.value!! }